Testing Email Configuration...
User: replateomail@gmail.com
Pass: *******************
Γ£à Server is ready to take our messages
Γ£à Test email sent successfully
